[www.jthemes.net/themes/html/neoncart/home_supermarket.html]
[backblue.gif]
[fade.gif]
[index.html]
[www.jthemes.net/themes/html/neoncart/assets/images/logo/favourite_icon_01.png]
[www.jthemes.net/themes/html/neoncart/assets/css/bootstrap.min.css]
[www.jthemes.net/themes/html/neoncart/assets/css/fontawesome.css]
[www.jthemes.net/themes/html/neoncart/assets/css/animate.css]
[www.jthemes.net/themes/html/neoncart/assets/css/nice-select.css]
[www.jthemes.net/themes/html/neoncart/assets/css/slick.css]
[www.jthemes.net/themes/html/neoncart/assets/css/slick-theme.css]
[www.jthemes.net/themes/html/neoncart/assets/css/magnific-popup.css]
[www.jthemes.net/themes/html/neoncart/assets/css/jquery-ui.css]
[www.jthemes.net/themes/html/neoncart/assets/css/style.css]
[www.jthemes.net/themes/html/neoncart/index.html]
[www.jthemes.net/themes/html/neoncart/assets/images/logo/logo_18_1x.png]
[www.jthemes.net/themes/html/neoncart/home_carparts.html]
[www.jthemes.net/themes/html/neoncart/assets/images/home_pages/carparts.png]
[www.jthemes.net/themes/html/neoncart/home_classic_ecommerce.html]
[www.jthemes.net/themes/html/neoncart/assets/images/home_pages/classic_ecommarce.png]
[www.jthemes.net/themes/html/neoncart/home_creative_onelook.html]
[www.jthemes.net/themes/html/neoncart/assets/images/home_pages/creative_onelook.png]
[www.jthemes.net/themes/html/neoncart/home_electronic.html]
[www.jthemes.net/themes/html/neoncart/assets/images/home_pages/electronic.png]
[www.jthemes.net/themes/html/neoncart/home_fashion.html]
[www.jthemes.net/themes/html/neoncart/assets/images/home_pages/fashion.png]
[www.jthemes.net/themes/html/neoncart/home_fashion_minimal.html]
[www.jthemes.net/themes/html/neoncart/assets/images/home_pages/fashion_minimal.png]
[www.jthemes.net/themes/html/neoncart/home_furniture.html]
[www.jthemes.net/themes/html/neoncart/assets/images/home_pages/furniture.png]
[www.jthemes.net/themes/html/neoncart/home_gadget.html]
[www.jthemes.net/themes/html/neoncart/assets/images/home_pages/gadget.png]
[www.jthemes.net/themes/html/neoncart/home_lookbook_creative.html]
[www.jthemes.net/themes/html/neoncart/assets/images/home_pages/lookbook_creative.png]
[www.jthemes.net/themes/html/neoncart/home_lookbook_slide.html]
[www.jthemes.net/themes/html/neoncart/assets/images/home_pages/lookbook_slide.png]
[www.jthemes.net/themes/html/neoncart/home_medical.html]
[www.jthemes.net/themes/html/neoncart/assets/images/home_pages/medical.png]
[www.jthemes.net/themes/html/neoncart/home_modern.html]
[www.jthemes.net/themes/html/neoncart/assets/images/home_pages/modern.png]
[www.jthemes.net/themes/html/neoncart/home_modern_minimal.html]
[www.jthemes.net/themes/html/neoncart/assets/images/home_pages/modern_minimal.png]
[www.jthemes.net/themes/html/neoncart/home_motorcycle.html]
[www.jthemes.net/themes/html/neoncart/assets/images/home_pages/motorcycle.png]
[www.jthemes.net/themes/html/neoncart/home_parallax_shop.html]
[www.jthemes.net/themes/html/neoncart/assets/images/home_pages/parallax_shop.png]
[www.jthemes.net/themes/html/neoncart/home_simple_shop.html]
[www.jthemes.net/themes/html/neoncart/assets/images/home_pages/simple_shop.png]
[www.jthemes.net/themes/html/neoncart/home_single_story_black.html]
[www.jthemes.net/themes/html/neoncart/assets/images/home_pages/single_story_black.png]
[www.jthemes.net/themes/html/neoncart/home_single_story_white.html]
[www.jthemes.net/themes/html/neoncart/assets/images/home_pages/single_story_white.png]
[www.jthemes.net/themes/html/neoncart/home_sports.html]
[www.jthemes.net/themes/html/neoncart/assets/images/home_pages/sports.png]
[www.jthemes.net/themes/html/neoncart/assets/images/home_pages/supermarket.png]
[www.jthemes.net/themes/html/neoncart/home_watch.html]
[www.jthemes.net/themes/html/neoncart/assets/images/home_pages/watch.png]
[www.jthemes.net/themes/html/neoncart/carparts_shop.html]
[www.jthemes.net/themes/html/neoncart/carparts_shop_grid.html]
[www.jthemes.net/themes/html/neoncart/carparts_shop_list.html]
[www.jthemes.net/themes/html/neoncart/carparts_shop_details.html]
[www.jthemes.net/themes/html/neoncart/classic_ecommerce_shop.html]
[www.jthemes.net/themes/html/neoncart/classic_ecommerce_shop_details.html]
[www.jthemes.net/themes/html/neoncart/electronic_shop.html]
[www.jthemes.net/themes/html/neoncart/electronic_shop_details.html]
[www.jthemes.net/themes/html/neoncart/fashion_shop.html]
[www.jthemes.net/themes/html/neoncart/fashion_shop_details.html]
[www.jthemes.net/themes/html/neoncart/fashion_minimal_shop.html]
[www.jthemes.net/themes/html/neoncart/fashion_minimal_shop_details.html]
[www.jthemes.net/themes/html/neoncart/furniture_shop.html]
[www.jthemes.net/themes/html/neoncart/furniture_shop_details.html]
[www.jthemes.net/themes/html/neoncart/gadget_shop_details.html]
[www.jthemes.net/themes/html/neoncart/medical_shop.html]
[www.jthemes.net/themes/html/neoncart/medical_shop_details.html]
[www.jthemes.net/themes/html/neoncart/modern_minimal_shop.html]
[www.jthemes.net/themes/html/neoncart/modern_minimal_shop_details.html]
[www.jthemes.net/themes/html/neoncart/modern_shop.html]
[www.jthemes.net/themes/html/neoncart/modern_shop_details.html]
[www.jthemes.net/themes/html/neoncart/motorcycle_shop_grid.html]
[www.jthemes.net/themes/html/neoncart/motorcycle_shop_list.html]
[www.jthemes.net/themes/html/neoncart/motorcycle_shop_details.html]
[www.jthemes.net/themes/html/neoncart/simple_shop.html]
[www.jthemes.net/themes/html/neoncart/simple_shop_details.html]
[www.jthemes.net/themes/html/neoncart/sports_shop.html]
[www.jthemes.net/themes/html/neoncart/sports_shop_details.html]
[www.jthemes.net/themes/html/neoncart/lookbook_creative_shop.html]
[www.jthemes.net/themes/html/neoncart/lookbook_creative_shop_details.html]
[www.jthemes.net/themes/html/neoncart/shop_details.html]
[www.jthemes.net/themes/html/neoncart/shop_cart.html]
[www.jthemes.net/themes/html/neoncart/shop_checkout.html]
[www.jthemes.net/themes/html/neoncart/shop_checkout_step2.html]
[www.jthemes.net/themes/html/neoncart/shop_checkout_step3.html]
[www.jthemes.net/themes/html/neoncart/404.html]
[www.jthemes.net/themes/html/neoncart/blog.html]
[www.jthemes.net/themes/html/neoncart/blog_details.html]
[www.jthemes.net/themes/html/neoncart/compare_1.html]
[www.jthemes.net/themes/html/neoncart/compare_2.html]
[www.jthemes.net/themes/html/neoncart/login.html]
[www.jthemes.net/themes/html/neoncart/signup.html]
[www.jthemes.net/themes/html/neoncart/contact.html]
[www.jthemes.net/themes/html/neoncart/assets/images/cart/img_01.jpg]
[www.jthemes.net/themes/html/neoncart/assets/images/logo/logo_25_1x.png]
[www.jthemes.net/themes/html/neoncart/assets/images/meta/img_01.png]
[www.jthemes.net/themes/html/neoncart/assets/images/backgrounds/bg_13.jpg]
[www.jthemes.net/themes/html/neoncart/assets/images/icons/supermarket/icon_01.png]
[www.jthemes.net/themes/html/neoncart/assets/images/icons/supermarket/icon_02.png]
[www.jthemes.net/themes/html/neoncart/assets/images/icons/supermarket/icon_03.png]
[www.jthemes.net/themes/html/neoncart/assets/images/icons/supermarket/icon_04.png]
[www.jthemes.net/themes/html/neoncart/assets/images/icons/supermarket/icon_05.png]
[www.jthemes.net/themes/html/neoncart/assets/images/icons/supermarket/icon_06.png]
[www.jthemes.net/themes/html/neoncart/assets/images/icons/supermarket/icon_07.png]
[www.jthemes.net/themes/html/neoncart/assets/images/icons/supermarket/icon_08.png]
[www.jthemes.net/themes/html/neoncart/assets/images/icons/supermarket/icon_09.png]
[www.jthemes.net/themes/html/neoncart/assets/images/icons/supermarket/icon_10.png]
[www.jthemes.net/themes/html/neoncart/assets/images/icons/supermarket/icon_11.png]
[www.jthemes.net/themes/html/neoncart/assets/images/slider/supermarket/img_01.png]
[www.jthemes.net/themes/html/neoncart/assets/images/offer/supermarket/img_01.jpg]
[www.jthemes.net/themes/html/neoncart/assets/images/offer/supermarket/img_02.jpg]
[www.jthemes.net/themes/html/neoncart/assets/images/offer/supermarket/img_03.jpg]
[www.jthemes.net/themes/html/neoncart/assets/images/icons/supermarket/icon_12.png]
[www.jthemes.net/themes/html/neoncart/assets/images/icons/supermarket/icon_13.png]
[www.jthemes.net/themes/html/neoncart/assets/images/icons/supermarket/icon_14.png]
[www.jthemes.net/themes/html/neoncart/assets/images/icons/supermarket/icon_15.png]
[www.jthemes.net/themes/html/neoncart/assets/images/icons/supermarket/icon_16.png]
[www.jthemes.net/themes/html/neoncart/assets/images/shop/supermarket/img_01.png]
[www.jthemes.net/themes/html/neoncart/assets/images/shop/supermarket/img_02.png]
[www.jthemes.net/themes/html/neoncart/assets/images/shop/supermarket/img_03.png]
[www.jthemes.net/themes/html/neoncart/assets/images/shop/supermarket/img_04.png]
[www.jthemes.net/themes/html/neoncart/assets/images/offer/supermarket/img_05.jpg]
[www.jthemes.net/themes/html/neoncart/assets/images/shop/supermarket/img_05.png]
[www.jthemes.net/themes/html/neoncart/assets/images/shop/supermarket/img_06.png]
[www.jthemes.net/themes/html/neoncart/assets/images/shop/supermarket/img_07.png]
[www.jthemes.net/themes/html/neoncart/assets/images/shop/supermarket/img_08.png]
[www.jthemes.net/themes/html/neoncart/assets/images/shop/supermarket/img_09.png]
[www.jthemes.net/themes/html/neoncart/assets/images/shop/supermarket/img_10.png]
[www.jthemes.net/themes/html/neoncart/assets/images/offer/supermarket/img_04.jpg]
[www.jthemes.net/themes/html/neoncart/assets/images/shop/supermarket/img_11.png]
[www.jthemes.net/themes/html/neoncart/assets/images/shop/supermarket/img_12.png]
[www.jthemes.net/themes/html/neoncart/assets/images/shop/supermarket/img_13.png]
[www.jthemes.net/themes/html/neoncart/assets/images/shop/supermarket/img_14.png]
[www.jthemes.net/themes/html/neoncart/assets/images/shop/supermarket/img_15.png]
[www.jthemes.net/themes/html/neoncart/assets/images/offer/supermarket/img_06.jpg]
[www.jthemes.net/themes/html/neoncart/assets/images/offer/supermarket/img_07.jpg]
[www.jthemes.net/themes/html/neoncart/assets/images/offer/supermarket/img_08.jpg]
[www.jthemes.net/themes/html/neoncart/assets/images/shop/supermarket/img_16.png]
[www.jthemes.net/themes/html/neoncart/assets/images/shop/supermarket/img_18.png]
[www.jthemes.net/themes/html/neoncart/assets/images/shop/supermarket/img_17.png]
[www.jthemes.net/themes/html/neoncart/assets/images/shop/supermarket/img_19.png]
[www.jthemes.net/themes/html/neoncart/assets/images/shop/supermarket/img_20.png]
[www.jthemes.net/themes/html/neoncart/assets/images/shop/supermarket/img_21.png]
[www.jthemes.net/themes/html/neoncart/assets/images/offer/supermarket/img_09.jpg]
[www.jthemes.net/themes/html/neoncart/assets/images/offer/supermarket/img_10.jpg]
[www.jthemes.net/themes/html/neoncart/assets/images/feature/supermarket/img_01.png]
[www.jthemes.net/themes/html/neoncart/assets/images/shop/supermarket/img_22.png]
[www.jthemes.net/themes/html/neoncart/assets/images/shop/supermarket/img_23.png]
[www.jthemes.net/themes/html/neoncart/assets/images/shop/supermarket/img_24.png]
[www.jthemes.net/themes/html/neoncart/assets/images/payment_methods_01.png]
[www.jthemes.net/themes/html/neoncart/assets/js/jquery-3.5.1.min.js]
[www.jthemes.net/themes/html/neoncart/assets/js/popper.min.js]
[www.jthemes.net/themes/html/neoncart/assets/js/bootstrap.min.js]
[www.jthemes.net/themes/html/neoncart/assets/js/mCustomScrollbar.js]
[www.jthemes.net/themes/html/neoncart/assets/js/parallaxie.js]
[www.jthemes.net/themes/html/neoncart/assets/js/wow.min.js]
[www.jthemes.net/themes/html/neoncart/assets/js/nice-select.min.js]
[www.jthemes.net/themes/html/neoncart/assets/js/slick.min.js]
[www.jthemes.net/themes/html/neoncart/assets/js/countdown.js]
[www.jthemes.net/themes/html/neoncart/assets/js/magnific-popup.min.js]
[www.jthemes.net/themes/html/neoncart/assets/js/isotope.pkgd.min.js]
[www.jthemes.net/themes/html/neoncart/assets/js/masonry.pkgd.min.js]
[www.jthemes.net/themes/html/neoncart/assets/js/imagesloaded.pkgd.min.js]
[www.jthemes.net/themes/html/neoncart/assets/js/custom.js]
[www.jthemes.net/themes/html/neoncart/home_supermarket.html]
[www.jthemes.net/themes/html/neoncart/assets/css/bootstrap.min.css]
[www.jthemes.net/themes/html/neoncart/assets/js/jquery-ui.js]
[www.jthemes.net/themes/html/neoncart/assets/fonts/fa-brands-400.ttf]
[www.jthemes.net/themes/html/neoncart/assets/fonts/fa-duotone-900.ttf]
[www.jthemes.net/themes/html/neoncart/assets/fonts/fa-light-300.ttf]
[www.jthemes.net/themes/html/neoncart/assets/fonts/fa-regular-400.ttf]
[www.jthemes.net/themes/html/neoncart/assets/fonts/fa-solid-900.ttf]
[www.jthemes.net/themes/html/neoncart/assets/css/fontawesome.css]
[www.jthemes.net/themes/html/neoncart/assets/css/animate.css]
[www.jthemes.net/themes/html/neoncart/assets/css/nice-select.css]
[www.jthemes.net/themes/html/neoncart/assets/css/slick.css]
[www.jthemes.net/themes/html/neoncart/assets/images/ajax-loader.gif]
[www.jthemes.net/themes/html/neoncart/assets/fonts/slick/slick.ttf]
[www.jthemes.net/themes/html/neoncart/assets/css/slick-theme.css]
[www.jthemes.net/themes/html/neoncart/assets/css/magnific-popup.css]
[www.jthemes.net/themes/html/neoncart/assets/css/jquery-ui.css]
[www.jthemes.net/themes/html/neoncart/assets/fonts/ranting/RantingPersonalUse.ttf]
[www.jthemes.net/themes/html/neoncart/assets/fonts/aloveofthunder/ALoveofThunder.ttf]
[www.jthemes.net/themes/html/neoncart/assets/css/style.css]
[www.jthemes.net/themes/html/neoncart/demo_assets/css/style.css]
[www.jthemes.net/themes/html/neoncart/demo_assets/images/banner_bg.png]
[www.jthemes.net/themes/html/neoncart/demo_assets/images/logo/logo_01_1x.png]
[www.jthemes.net/themes/html/neoncart/demo_assets/images/banner_image.png]
[www.jthemes.net/themes/html/neoncart/demo_assets/images/homes/supermarket.jpg]
[www.jthemes.net/themes/html/neoncart/demo_assets/images/homes/car_parts.jpg]
[www.jthemes.net/themes/html/neoncart/demo_assets/images/homes/classic_ecommerce.jpg]
[www.jthemes.net/themes/html/neoncart/demo_assets/images/homes/onelook_creative.jpg]
[www.jthemes.net/themes/html/neoncart/demo_assets/images/homes/electronic.jpg]
[www.jthemes.net/themes/html/neoncart/demo_assets/images/homes/fashion_flat.jpg]
[www.jthemes.net/themes/html/neoncart/demo_assets/images/homes/fashion_minimal_.jpg]
[www.jthemes.net/themes/html/neoncart/demo_assets/images/homes/furniture.jpg]
[www.jthemes.net/themes/html/neoncart/demo_assets/images/homes/gadget.jpg]
[www.jthemes.net/themes/html/neoncart/demo_assets/images/homes/lookbook.jpg]
[www.jthemes.net/themes/html/neoncart/demo_assets/images/homes/medical.jpg]
[www.jthemes.net/themes/html/neoncart/demo_assets/images/homes/modren.jpg]
[www.jthemes.net/themes/html/neoncart/demo_assets/images/homes/modren_minimal.jpg]
[www.jthemes.net/themes/html/neoncart/demo_assets/images/homes/motorcycle.jpg]
[www.jthemes.net/themes/html/neoncart/demo_assets/images/homes/parallax.jpg]
[www.jthemes.net/themes/html/neoncart/demo_assets/images/homes/simple.jpg]
[www.jthemes.net/themes/html/neoncart/demo_assets/images/homes/sports.jpg]
[www.jthemes.net/themes/html/neoncart/demo_assets/images/homes/watch.jpg]
[www.jthemes.net/themes/html/neoncart/demo_assets/images/homes/lookbook_slide.jpg]
[www.jthemes.net/themes/html/neoncart/demo_assets/images/homes/single_story_black.jpg]
[www.jthemes.net/themes/html/neoncart/demo_assets/images/homes/single_story_white.jpg]
[www.jthemes.net/themes/html/neoncart/demo_assets/images/product_details/img_01.jpg]
[www.jthemes.net/themes/html/neoncart/demo_assets/images/product_details/img_02.jpg]
[www.jthemes.net/themes/html/neoncart/demo_assets/images/header/header_01.png]
[www.jthemes.net/themes/html/neoncart/demo_assets/images/header/header_02.png]
[www.jthemes.net/themes/html/neoncart/demo_assets/images/header/header_03.png]
[www.jthemes.net/themes/html/neoncart/demo_assets/images/header/header_04.png]
[www.jthemes.net/themes/html/neoncart/demo_assets/images/header/header_05.png]
[www.jthemes.net/themes/html/neoncart/demo_assets/images/header/header_06.png]
[www.jthemes.net/themes/html/neoncart/demo_assets/images/header/header_07.png]
[www.jthemes.net/themes/html/neoncart/demo_assets/images/details_pages/details_page_01.jpg]
[www.jthemes.net/themes/html/neoncart/demo_assets/images/details_pages/details_page_02.jpg]
[www.jthemes.net/themes/html/neoncart/demo_assets/images/details_pages/details_page_03.jpg]
[www.jthemes.net/themes/html/neoncart/demo_assets/images/details_pages/details_page_04.jpg]
[www.jthemes.net/themes/html/neoncart/demo_assets/images/products/product_01.png]
[www.jthemes.net/themes/html/neoncart/demo_assets/images/products/product_02.png]
[www.jthemes.net/themes/html/neoncart/demo_assets/images/products/product_03.png]
[www.jthemes.net/themes/html/neoncart/demo_assets/images/products/product_04.png]
[www.jthemes.net/themes/html/neoncart/demo_assets/images/products/product_05.png]
[www.jthemes.net/themes/html/neoncart/demo_assets/images/products/product_06.png]
[www.jthemes.net/themes/html/neoncart/demo_assets/images/products/product_07.png]
[www.jthemes.net/themes/html/neoncart/demo_assets/images/products/product_08.png]
[www.jthemes.net/themes/html/neoncart/demo_assets/images/products/product_09.png]
[www.jthemes.net/themes/html/neoncart/demo_assets/images/products/product_10.png]
[www.jthemes.net/themes/html/neoncart/demo_assets/images/products/product_11.png]
[www.jthemes.net/themes/html/neoncart/demo_assets/images/products/product_12.png]
[www.jthemes.net/themes/html/neoncart/demo_assets/images/backgrounds/bg_01.png]
[www.jthemes.net/themes/html/neoncart/demo_assets/images/responsive.png]
[www.jthemes.net/themes/html/neoncart/demo_assets/images/icons/icon_03.png]
[www.jthemes.net/themes/html/neoncart/demo_assets/images/icons/icon_04.png]
[www.jthemes.net/themes/html/neoncart/demo_assets/images/icons/icon_05.png]
[www.jthemes.net/themes/html/neoncart/demo_assets/images/icons/icon_06.png]
[www.jthemes.net/themes/html/neoncart/demo_assets/images/icons/icon_07.png]
[www.jthemes.net/themes/html/neoncart/demo_assets/images/icons/icon_08.png]
[www.jthemes.net/themes/html/neoncart/demo_assets/images/icons/icon_09.png]
[www.jthemes.net/themes/html/neoncart/demo_assets/images/icons/icon_10.png]
[www.jthemes.net/themes/html/neoncart/demo_assets/images/icons/icon_11.png]
[www.jthemes.net/themes/html/neoncart/demo_assets/images/icons/icon_12.png]
[www.jthemes.net/themes/html/neoncart/demo_assets/images/icons/icon_02.png]
[www.jthemes.net/themes/html/neoncart/assets/images/shape_01.png]
[www.jthemes.net/themes/html/neoncart/demo_assets/images/logo/logo_02_1x.png]
[www.jthemes.net/themes/html/neoncart/demo_assets/js/custom.js]
[www.jthemes.net/themes/html/neoncart/index.html]
[www.jthemes.net/themes/html/neoncart/assets/images/logo/logo_01_1x.png]
[www.jthemes.net/themes/html/neoncart/assets/images/icons/user.png]
[www.jthemes.net/themes/html/neoncart/assets/images/icons/shopping_cart.png]
[www.jthemes.net/themes/html/neoncart/assets/images/banner/car_parts/bg_01.jpg]
[www.jthemes.net/themes/html/neoncart/assets/images/policy/car_parts/icon_01.png]
[www.jthemes.net/themes/html/neoncart/assets/images/policy/car_parts/icon_02.png]
[www.jthemes.net/themes/html/neoncart/assets/images/policy/car_parts/icon_03.png]
[www.jthemes.net/themes/html/neoncart/assets/images/policy/car_parts/icon_04.png]
[www.jthemes.net/themes/html/neoncart/assets/images/category/car_parts/img_01.png]
[www.jthemes.net/themes/html/neoncart/assets/images/category/car_parts/img_02.png]
[www.jthemes.net/themes/html/neoncart/assets/images/category/car_parts/img_03.png]
[www.jthemes.net/themes/html/neoncart/assets/images/category/car_parts/img_04.png]
[www.jthemes.net/themes/html/neoncart/assets/images/category/car_parts/img_05.png]
[www.jthemes.net/themes/html/neoncart/assets/images/backgrounds/bg_01.jpg]
[www.jthemes.net/themes/html/neoncart/assets/images/deals/car_parts/img_01.jpg]
[www.jthemes.net/themes/html/neoncart/assets/images/home_car_parts/img_01.jpg]
[www.jthemes.net/themes/html/neoncart/assets/images/shop/car_parts/img_01.png]
[www.jthemes.net/themes/html/neoncart/assets/images/shop/car_parts/img_02.png]
[www.jthemes.net/themes/html/neoncart/assets/images/shop/car_parts/img_03.png]
[www.jthemes.net/themes/html/neoncart/assets/images/shop/car_parts/img_04.png]
[www.jthemes.net/themes/html/neoncart/assets/images/shop/car_parts/img_05.png]
[www.jthemes.net/themes/html/neoncart/assets/images/shop/car_parts/img_06.png]
[www.jthemes.net/themes/html/neoncart/assets/images/shop/car_parts/img_07.png]
[www.jthemes.net/themes/html/neoncart/assets/images/shop/car_parts/img_08.png]
[www.jthemes.net/themes/html/neoncart/assets/images/shop/car_parts/img_09.png]
[www.jthemes.net/themes/html/neoncart/assets/images/shop/car_parts/img_10.png]
[www.jthemes.net/themes/html/neoncart/assets/images/shop/car_parts/img_11.png]
[www.jthemes.net/themes/html/neoncart/assets/images/shop/car_parts/img_12.png]
[www.jthemes.net/themes/html/neoncart/assets/images/backgrounds/bg_02.jpg]
[www.jthemes.net/themes/html/neoncart/assets/images/category/car_parts/img_06.jpg]
[www.jthemes.net/themes/html/neoncart/assets/images/category/car_parts/img_07.jpg]
[www.jthemes.net/themes/html/neoncart/assets/images/category/car_parts/img_08.jpg]
[www.jthemes.net/themes/html/neoncart/assets/images/shop/car_parts/img_13.png]
[www.jthemes.net/themes/html/neoncart/assets/images/shop/car_parts/img_14.png]
[www.jthemes.net/themes/html/neoncart/assets/images/shop/car_parts/img_15.png]
[www.jthemes.net/themes/html/neoncart/assets/images/category/car_parts/img_09.jpg]
[www.jthemes.net/themes/html/neoncart/assets/images/category/car_parts/img_10.jpg]
[www.jthemes.net/themes/html/neoncart/assets/images/deals/car_parts/img_02.png]
[www.jthemes.net/themes/html/neoncart/assets/images/deals/car_parts/img_03.png]
[www.jthemes.net/themes/html/neoncart/assets/images/deals/car_parts/img_04.png]
[www.jthemes.net/themes/html/neoncart/assets/images/shop/car_parts/img_16.png]
[www.jthemes.net/themes/html/neoncart/assets/images/shop/car_parts/img_17.png]
[www.jthemes.net/themes/html/neoncart/assets/images/shop/car_parts/img_18.png]
[www.jthemes.net/themes/html/neoncart/assets/images/backgrounds/bg_03.jpg]
[www.jthemes.net/themes/html/neoncart/assets/images/shop/car_parts/img_19.jpg]
[www.jthemes.net/themes/html/neoncart/assets/images/shop/car_parts/img_20.jpg]
[www.jthemes.net/themes/html/neoncart/assets/images/blog/car_parts/img_01.jpg]
[www.jthemes.net/themes/html/neoncart/assets/images/blog/car_parts/img_02.jpg]
[www.jthemes.net/themes/html/neoncart/assets/images/brands/img_01.png]
[www.jthemes.net/themes/html/neoncart/assets/images/brands/img_02.png]
[www.jthemes.net/themes/html/neoncart/assets/images/brands/img_03.png]
[www.jthemes.net/themes/html/neoncart/assets/images/brands/img_04.png]
[www.jthemes.net/themes/html/neoncart/assets/images/brands/img_05.png]
[www.jthemes.net/themes/html/neoncart/assets/images/brands/img_06.png]
[www.jthemes.net/themes/html/neoncart/assets/images/logo/logo_02_1x.png]
[www.jthemes.net/themes/html/neoncart/assets/images/instagram/img_01.jpg]
[www.jthemes.net/themes/html/neoncart/assets/images/instagram/img_02.jpg]
[www.jthemes.net/themes/html/neoncart/assets/images/instagram/img_03.jpg]
[www.jthemes.net/themes/html/neoncart/assets/images/instagram/img_04.jpg]
[www.jthemes.net/themes/html/neoncart/assets/images/instagram/img_05.jpg]
[www.jthemes.net/themes/html/neoncart/assets/images/instagram/img_06.jpg]
[www.jthemes.net/themes/html/neoncart/assets/js/gmaps.min.js]
[www.jthemes.net/themes/html/neoncart/assets/images/shop/fashion_minimal/img_07.jpg]
[www.jthemes.net/themes/html/neoncart/home_carparts.html]
[www.jthemes.net/themes/html/neoncart/assets/images/logo/logo_03_1x.png]
[www.jthemes.net/themes/html/neoncart/assets/images/slider/classic_ecommerce/bg_01.jpg]
[www.jthemes.net/themes/html/neoncart/assets/images/policy/classic_ecommerce/icon_01.png]
[www.jthemes.net/themes/html/neoncart/assets/images/policy/classic_ecommerce/icon_02.png]
[www.jthemes.net/themes/html/neoncart/assets/images/policy/classic_ecommerce/icon_03.png]
[www.jthemes.net/themes/html/neoncart/assets/images/category/classic_ecommerce/img_01.jpg]
[www.jthemes.net/themes/html/neoncart/assets/images/category/classic_ecommerce/img_02.jpg]
[www.jthemes.net/themes/html/neoncart/assets/images/category/classic_ecommerce/img_03.jpg]
[www.jthemes.net/themes/html/neoncart/assets/images/category/classic_ecommerce/img_04.jpg]
[www.jthemes.net/themes/html/neoncart/assets/images/category/classic_ecommerce/img_05.jpg]
[www.jthemes.net/themes/html/neoncart/assets/images/shop/classic_ecommerce/img_01.png]
[www.jthemes.net/themes/html/neoncart/assets/images/shop/classic_ecommerce/img_02.png]
[www.jthemes.net/themes/html/neoncart/assets/images/shop/classic_ecommerce/img_03.png]
[www.jthemes.net/themes/html/neoncart/assets/images/shop/classic_ecommerce/img_04.png]
[www.jthemes.net/themes/html/neoncart/assets/images/shop/classic_ecommerce/img_05.png]
[www.jthemes.net/themes/html/neoncart/assets/images/shop/classic_ecommerce/img_06.png]
[www.jthemes.net/themes/html/neoncart/assets/images/shop/classic_ecommerce/img_07.png]
[www.jthemes.net/themes/html/neoncart/assets/images/shop/classic_ecommerce/img_08.png]
[www.jthemes.net/themes/html/neoncart/assets/images/shop/classic_ecommerce/img_09.png]
[www.jthemes.net/themes/html/neoncart/assets/images/shop/classic_ecommerce/img_10.png]
[www.jthemes.net/themes/html/neoncart/assets/images/shop/classic_ecommerce/img_11.png]
[www.jthemes.net/themes/html/neoncart/assets/images/shop/classic_ecommerce/img_12.png]
[www.jthemes.net/themes/html/neoncart/assets/images/recent_post/img_01.jpg]
[www.jthemes.net/themes/html/neoncart/assets/images/offer/classic_ecommerce/img_01.jpg]
[www.jthemes.net/themes/html/neoncart/assets/images/offer/classic_ecommerce/img_02.jpg]
[www.jthemes.net/themes/html/neoncart/assets/images/logo/logo_04_1x.png]
[www.jthemes.net/themes/html/neoncart/home_classic_ecommerce.html]
[www.jthemes.net/themes/html/neoncart/assets/images/logo/logo_19_1x.png]
[www.jthemes.net/themes/html/neoncart/assets/images/backgrounds/bg_14.png]
[www.jthemes.net/themes/html/neoncart/assets/images/slider/creative_onelook/img_01.png]
[www.jthemes.net/themes/html/neoncart/assets/images/shop/creative_onelook/img_01.png]
[www.jthemes.net/themes/html/neoncart/assets/images/shop/creative_onelook/img_03.png]
[www.jthemes.net/themes/html/neoncart/home_creative_onelook.html]
[www.jthemes.net/themes/html/neoncart/assets/images/offer/electronic/img_01.png]
[www.jthemes.net/themes/html/neoncart/assets/images/logo/logo_16_1x.png]
[www.jthemes.net/themes/html/neoncart/assets/images/slider/electronic/bg_01.jpg]
[www.jthemes.net/themes/html/neoncart/assets/images/slider/electronic/img_01.png]
[www.jthemes.net/themes/html/neoncart/assets/images/offer/electronic/img_02.jpg]
[www.jthemes.net/themes/html/neoncart/assets/images/offer/electronic/img_03.jpg]
[www.jthemes.net/themes/html/neoncart/assets/images/shop/electronic/child_01.png]
[www.jthemes.net/themes/html/neoncart/assets/images/shop/electronic/img_01.png]
[www.jthemes.net/themes/html/neoncart/assets/images/shop/electronic/img_02.png]
[www.jthemes.net/themes/html/neoncart/assets/images/shop/electronic/img_03.png]
[www.jthemes.net/themes/html/neoncart/assets/images/shop/electronic/img_04.png]
[www.jthemes.net/themes/html/neoncart/assets/images/shop/electronic/img_05.png]
[www.jthemes.net/themes/html/neoncart/assets/images/shop/electronic/img_06.png]
[www.jthemes.net/themes/html/neoncart/assets/images/shop/electronic/img_07.png]
[www.jthemes.net/themes/html/neoncart/assets/images/shop/electronic/img_08.png]
[www.jthemes.net/themes/html/neoncart/assets/images/shop/electronic/img_09.png]
[www.jthemes.net/themes/html/neoncart/assets/images/shop/electronic/img_10.png]
[www.jthemes.net/themes/html/neoncart/assets/images/shop/electronic/img_11.png]
[www.jthemes.net/themes/html/neoncart/assets/images/shop/electronic/img_12.png]
[www.jthemes.net/themes/html/neoncart/assets/images/shop/electronic/img_13.png]
[www.jthemes.net/themes/html/neoncart/assets/images/shop/electronic/img_14.png]
[www.jthemes.net/themes/html/neoncart/assets/images/shop/electronic/img_15.png]
[www.jthemes.net/themes/html/neoncart/assets/images/shop/electronic/img_16.png]
[www.jthemes.net/themes/html/neoncart/assets/images/shop/electronic/img_17.png]
[www.jthemes.net/themes/html/neoncart/assets/images/shop/electronic/img_18.png]
[www.jthemes.net/themes/html/neoncart/assets/images/shop/electronic/img_19.png]
[www.jthemes.net/themes/html/neoncart/assets/images/label_01.png]
[www.jthemes.net/themes/html/neoncart/assets/images/shop/electronic/img_20.png]
[www.jthemes.net/themes/html/neoncart/assets/images/shop/electronic/img_21.png]
[www.jthemes.net/themes/html/neoncart/assets/images/shop/electronic/img_22.png]
[www.jthemes.net/themes/html/neoncart/assets/images/shop/electronic/img_23.png]
[www.jthemes.net/themes/html/neoncart/assets/images/shop/electronic/img_24.png]
[www.jthemes.net/themes/html/neoncart/assets/images/shop/electronic/img_25.png]
[www.jthemes.net/themes/html/neoncart/assets/images/shop/electronic/img_26.png]
[www.jthemes.net/themes/html/neoncart/assets/images/shop/electronic/img_27.png]
[www.jthemes.net/themes/html/neoncart/assets/images/shop/electronic/img_28.png]
[www.jthemes.net/themes/html/neoncart/assets/images/shop/electronic/img_29.png]
[www.jthemes.net/themes/html/neoncart/assets/images/shop/electronic/img_30.png]
[www.jthemes.net/themes/html/neoncart/assets/images/shop/electronic/img_31.png]
[www.jthemes.net/themes/html/neoncart/assets/images/backgrounds/bg_11.jpg]
[www.jthemes.net/themes/html/neoncart/assets/images/icons/electronic/icon_01.png]
[www.jthemes.net/themes/html/neoncart/assets/images/icons/electronic/icon_02.png]
[www.jthemes.net/themes/html/neoncart/assets/images/icons/electronic/icon_03.png]
[www.jthemes.net/themes/html/neoncart/assets/images/icons/electronic/icon_04.png]
[www.jthemes.net/themes/html/neoncart/assets/images/icons/electronic/icon_05.png]
[www.jthemes.net/themes/html/neoncart/assets/images/offer/electronic/img_04.jpg]
[www.jthemes.net/themes/html/neoncart/assets/images/offer/electronic/img_05.jpg]
[www.jthemes.net/themes/html/neoncart/assets/images/category/electronic/img_01.png]
[www.jthemes.net/themes/html/neoncart/assets/images/category/electronic/img_02.png]
[www.jthemes.net/themes/html/neoncart/assets/images/category/electronic/img_03.png]
[www.jthemes.net/themes/html/neoncart/assets/images/category/electronic/img_04.png]
[www.jthemes.net/themes/html/neoncart/assets/images/backgrounds/bg_12.jpg]
[www.jthemes.net/themes/html/neoncart/assets/images/feature/electronic/img_01.png]
[www.jthemes.net/themes/html/neoncart/assets/images/shop/electronic/img_32.png]
[www.jthemes.net/themes/html/neoncart/assets/images/shop/electronic/img_33.png]
[www.jthemes.net/themes/html/neoncart/assets/images/shop/electronic/img_34.png]
[www.jthemes.net/themes/html/neoncart/assets/images/shop/electronic/img_35.png]
[www.jthemes.net/themes/html/neoncart/assets/images/blog/electronic/img_01.jpg]
[www.jthemes.net/themes/html/neoncart/assets/images/blog/electronic/img_02.jpg]
[www.jthemes.net/themes/html/neoncart/assets/images/shop/electronic/img_36.png]
[www.jthemes.net/themes/html/neoncart/assets/images/logo/logo_17_1x.png]
[www.jthemes.net/themes/html/neoncart/home_electronic.html]
[www.jthemes.net/themes/html/neoncart/assets/images/logo/logo_13_1x.png]
[www.jthemes.net/themes/html/neoncart/assets/images/slider/fashion/img_01.png]
[www.jthemes.net/themes/html/neoncart/assets/images/category/fashion/img_01.jpg]
[www.jthemes.net/themes/html/neoncart/assets/images/category/fashion/img_02.jpg]
[www.jthemes.net/themes/html/neoncart/assets/images/category/fashion/img_03.jpg]
[www.jthemes.net/themes/html/neoncart/assets/images/category/fashion/img_04.jpg]
[www.jthemes.net/themes/html/neoncart/assets/images/shop/fashion/img_01.jpg]
[www.jthemes.net/themes/html/neoncart/assets/images/shop/fashion/img_02.jpg]
[www.jthemes.net/themes/html/neoncart/assets/images/shop/fashion/img_03.jpg]
[www.jthemes.net/themes/html/neoncart/assets/images/shop/fashion/img_04.jpg]
[www.jthemes.net/themes/html/neoncart/assets/images/shop/fashion/img_05.jpg]
[www.jthemes.net/themes/html/neoncart/assets/images/shop/fashion/img_06.jpg]
[www.jthemes.net/themes/html/neoncart/assets/images/shop/fashion/img_07.jpg]
[www.jthemes.net/themes/html/neoncart/assets/images/shop/fashion/img_08.jpg]
[www.jthemes.net/themes/html/neoncart/assets/images/shop/fashion/img_09.jpg]
[www.jthemes.net/themes/html/neoncart/assets/images/shop/fashion/img_10.jpg]
[www.jthemes.net/themes/html/neoncart/assets/images/shop/fashion/img_11.jpg]
[www.jthemes.net/themes/html/neoncart/assets/images/shop/fashion/img_12.jpg]
[www.jthemes.net/themes/html/neoncart/assets/images/shop/fashion/img_13.jpg]
[www.jthemes.net/themes/html/neoncart/assets/images/feature/fashion/img_01.png]
[www.jthemes.net/themes/html/neoncart/assets/images/feature/fashion/img_02.png]
[www.jthemes.net/themes/html/neoncart/assets/images/offer/fashion/img_01.jpg]
[www.jthemes.net/themes/html/neoncart/assets/images/offer/fashion/img_02.jpg]
[www.jthemes.net/themes/html/neoncart/assets/images/backgrounds/bg_09.jpg]
[www.jthemes.net/themes/html/neoncart/assets/images/instagram/img_13.jpg]
[www.jthemes.net/themes/html/neoncart/assets/images/instagram/img_14.jpg]
[www.jthemes.net/themes/html/neoncart/assets/images/instagram/img_15.jpg]
[www.jthemes.net/themes/html/neoncart/assets/images/instagram/img_16.jpg]
[www.jthemes.net/themes/html/neoncart/assets/images/instagram/img_17.jpg]
[www.jthemes.net/themes/html/neoncart/assets/images/instagram/img_18.jpg]
[www.jthemes.net/themes/html/neoncart/assets/images/instagram/img_19.jpg]
[www.jthemes.net/themes/html/neoncart/assets/images/instagram/img_20.jpg]
[www.jthemes.net/themes/html/neoncart/assets/images/instagram/img_21.jpg]
[www.jthemes.net/themes/html/neoncart/assets/images/instagram/img_22.jpg]
[www.jthemes.net/themes/html/neoncart/assets/images/instagram/img_23.jpg]
[www.jthemes.net/themes/html/neoncart/assets/images/instagram/img_24.jpg]
[www.jthemes.net/themes/html/neoncart/assets/images/brands/img_26.png]
[www.jthemes.net/themes/html/neoncart/assets/images/brands/img_27.png]
[www.jthemes.net/themes/html/neoncart/assets/images/brands/img_28.png]
[www.jthemes.net/themes/html/neoncart/assets/images/brands/img_29.png]
[www.jthemes.net/themes/html/neoncart/assets/images/brands/img_30.png]
[www.jthemes.net/themes/html/neoncart/assets/images/brands/img_24.png]
[www.jthemes.net/themes/html/neoncart/assets/images/brands/img_25.png]
[www.jthemes.net/themes/html/neoncart/assets/images/instagram/img_25.jpg]
[www.jthemes.net/themes/html/neoncart/assets/images/instagram/img_26.jpg]
[www.jthemes.net/themes/html/neoncart/assets/images/instagram/img_27.jpg]
[www.jthemes.net/themes/html/neoncart/assets/images/instagram/img_28.jpg]
[www.jthemes.net/themes/html/neoncart/assets/images/instagram/img_29.jpg]
[www.jthemes.net/themes/html/neoncart/assets/images/instagram/img_30.jpg]
[www.jthemes.net/themes/html/neoncart/home_fashion.html]
[www.jthemes.net/themes/html/neoncart/assets/images/logo/logo_20_1x.png]
[www.jthemes.net/themes/html/neoncart/assets/images/banner/fashion_minimal/img_01.jpg]
[www.jthemes.net/themes/html/neoncart/assets/images/banner/fashion_minimal/img_02.jpg]
[www.jthemes.net/themes/html/neoncart/assets/images/policy/fashion/icon_01.png]
[www.jthemes.net/themes/html/neoncart/assets/images/policy/fashion/icon_02.png]
[www.jthemes.net/themes/html/neoncart/assets/images/policy/fashion/icon_03.png]
[www.jthemes.net/themes/html/neoncart/assets/images/policy/fashion/icon_04.png]
[www.jthemes.net/themes/html/neoncart/assets/images/offer/fashion_minimal/img_01.jpg]
[www.jthemes.net/themes/html/neoncart/assets/images/offer/fashion_minimal/img_02.jpg]
[www.jthemes.net/themes/html/neoncart/assets/images/offer/fashion_minimal/img_03.jpg]
[www.jthemes.net/themes/html/neoncart/assets/images/shop/fashion_minimal/img_01.jpg]
[www.jthemes.net/themes/html/neoncart/assets/images/shop/fashion_minimal/img_02.jpg]
[www.jthemes.net/themes/html/neoncart/assets/images/shop/fashion_minimal/img_03.jpg]
[www.jthemes.net/themes/html/neoncart/assets/images/shop/fashion_minimal/img_04.jpg]
[www.jthemes.net/themes/html/neoncart/assets/images/shop/fashion_minimal/img_05.jpg]
[www.jthemes.net/themes/html/neoncart/assets/images/shop/fashion_minimal/img_06.jpg]
[www.jthemes.net/themes/html/neoncart/assets/images/shop/fashion_minimal/img_08.jpg]
[www.jthemes.net/themes/html/neoncart/assets/images/feature/fashion_minimal/img_01.jpg]
[www.jthemes.net/themes/html/neoncart/assets/images/feature/fashion_minimal/img_02.jpg]
[www.jthemes.net/themes/html/neoncart/assets/images/shop/fashion_minimal/img_09.jpg]
[www.jthemes.net/themes/html/neoncart/assets/images/shop/fashion_minimal/img_10.jpg]
[www.jthemes.net/themes/html/neoncart/assets/images/shop/fashion_minimal/img_11.jpg]
[www.jthemes.net/themes/html/neoncart/assets/images/backgrounds/bg_15.jpg]
[www.jthemes.net/themes/html/neoncart/assets/images/blog/fashion_minimal/img_01.jpg]
[www.jthemes.net/themes/html/neoncart/assets/images/blog/fashion_minimal/img_02.jpg]
[www.jthemes.net/themes/html/neoncart/assets/images/blog/fashion_minimal/img_03.jpg]
[www.jthemes.net/themes/html/neoncart/assets/images/brands/img_31.png]
[www.jthemes.net/themes/html/neoncart/assets/images/brands/img_32.png]
[www.jthemes.net/themes/html/neoncart/assets/images/brands/img_33.png]
[www.jthemes.net/themes/html/neoncart/assets/images/brands/img_34.png]
[www.jthemes.net/themes/html/neoncart/assets/images/brands/img_35.png]
[www.jthemes.net/themes/html/neoncart/assets/images/brands/img_36.png]
[www.jthemes.net/themes/html/neoncart/assets/images/logo/logo_21_1x.png]
[www.jthemes.net/themes/html/neoncart/home_fashion_minimal.html]
[www.jthemes.net/themes/html/neoncart/assets/images/logo/logo_06_1x.png]
[www.jthemes.net/themes/html/neoncart/assets/images/slider/furniture_store/bg_01.jpg]
[www.jthemes.net/themes/html/neoncart/assets/images/category/furniture_store/img_01.jpg]
[www.jthemes.net/themes/html/neoncart/assets/images/category/furniture_store/img_02.jpg]
[www.jthemes.net/themes/html/neoncart/assets/images/category/furniture_store/img_03.jpg]
[www.jthemes.net/themes/html/neoncart/assets/images/category/furniture_store/img_04.jpg]
[www.jthemes.net/themes/html/neoncart/assets/images/category/furniture_store/img_05.jpg]
[www.jthemes.net/themes/html/neoncart/assets/images/icons/chair.png]
[www.jthemes.net/themes/html/neoncart/assets/images/icons/sofa_single.png]
[www.jthemes.net/themes/html/neoncart/assets/images/icons/lamp.png]
[www.jthemes.net/themes/html/neoncart/assets/images/shop/furniture_store/img_01.png]
[www.jthemes.net/themes/html/neoncart/assets/images/shop/furniture_store/img_02.png]
[www.jthemes.net/themes/html/neoncart/assets/images/shop/furniture_store/img_03.png]
[www.jthemes.net/themes/html/neoncart/assets/images/shop/furniture_store/img_04.png]
[www.jthemes.net/themes/html/neoncart/assets/images/shop/furniture_store/img_05.png]
[www.jthemes.net/themes/html/neoncart/assets/images/shop/furniture_store/img_06.png]
[www.jthemes.net/themes/html/neoncart/assets/images/shop/furniture_store/img_07.png]
[www.jthemes.net/themes/html/neoncart/assets/images/shop/furniture_store/img_08.png]
[www.jthemes.net/themes/html/neoncart/assets/images/shop/furniture_store/img_09.png]
[www.jthemes.net/themes/html/neoncart/assets/images/shop/furniture_store/img_10.png]
[www.jthemes.net/themes/html/neoncart/assets/images/shop/furniture_store/img_11.png]
[www.jthemes.net/themes/html/neoncart/assets/images/shop/furniture_store/img_12.png]
[www.jthemes.net/themes/html/neoncart/assets/images/blog/furniture_store/img_01.jpg]
[www.jthemes.net/themes/html/neoncart/assets/images/blog/furniture_store/img_02.jpg]
[www.jthemes.net/themes/html/neoncart/assets/images/backgrounds/bg_04.jpg]
[www.jthemes.net/themes/html/neoncart/assets/images/backgrounds/bg_05.jpg]
[www.jthemes.net/themes/html/neoncart/assets/images/offer/furniture_store/img_01.png]
[www.jthemes.net/themes/html/neoncart/assets/images/offer/furniture_store/img_02.jpg]
[www.jthemes.net/themes/html/neoncart/assets/images/offer/furniture_store/img_03.jpg]
[www.jthemes.net/themes/html/neoncart/assets/images/offer/furniture_store/img_04.jpg]
[www.jthemes.net/themes/html/neoncart/assets/images/brands/img_07.png]
[www.jthemes.net/themes/html/neoncart/assets/images/brands/img_08.png]
[www.jthemes.net/themes/html/neoncart/assets/images/brands/img_09.png]
[www.jthemes.net/themes/html/neoncart/assets/images/brands/img_10.png]
[www.jthemes.net/themes/html/neoncart/assets/images/brands/img_11.png]
[www.jthemes.net/themes/html/neoncart/assets/images/brands/img_12.png]
[www.jthemes.net/themes/html/neoncart/assets/images/deals/furniture_store/img_01.png]
[www.jthemes.net/themes/html/neoncart/assets/images/shop/furniture_store/img_13.png]
[www.jthemes.net/themes/html/neoncart/assets/images/shop/furniture_store/img_14.png]
[www.jthemes.net/themes/html/neoncart/assets/images/shop/furniture_store/img_15.png]
[www.jthemes.net/themes/html/neoncart/assets/images/shop/furniture_store/img_16.png]
[www.jthemes.net/themes/html/neoncart/assets/images/shop/furniture_store/img_17.png]
[www.jthemes.net/themes/html/neoncart/assets/images/shop/furniture_store/img_18.png]
[www.jthemes.net/themes/html/neoncart/assets/images/shop/furniture_store/img_19.png]
[www.jthemes.net/themes/html/neoncart/assets/images/shop/furniture_store/img_20.png]
[www.jthemes.net/themes/html/neoncart/assets/images/shop/furniture_store/img_23.png]
[www.jthemes.net/themes/html/neoncart/assets/images/shop/furniture_store/img_26.png]
[www.jthemes.net/themes/html/neoncart/assets/images/shop/furniture_store/img_24.png]
[www.jthemes.net/themes/html/neoncart/assets/images/shop/furniture_store/img_25.png]
[www.jthemes.net/themes/html/neoncart/assets/images/shop/furniture_store/img_21.png]
[www.jthemes.net/themes/html/neoncart/assets/images/shop/furniture_store/img_22.png]
[www.jthemes.net/themes/html/neoncart/assets/images/logo/logo_07_1x.png]
[www.jthemes.net/themes/html/neoncart/assets/images/instagram/img_07.jpg]
[www.jthemes.net/themes/html/neoncart/assets/images/instagram/img_08.jpg]
[www.jthemes.net/themes/html/neoncart/assets/images/instagram/img_09.jpg]
[www.jthemes.net/themes/html/neoncart/assets/images/instagram/img_10.jpg]
[www.jthemes.net/themes/html/neoncart/assets/images/instagram/img_11.jpg]
[www.jthemes.net/themes/html/neoncart/assets/images/instagram/img_12.jpg]
[www.jthemes.net/themes/html/neoncart/home_furniture.html]
[www.jthemes.net/themes/html/neoncart/assets/images/logo/logo_30_1x.png]
[www.jthemes.net/themes/html/neoncart/assets/images/banner/gadget/bg_02.png]
[www.jthemes.net/themes/html/neoncart/assets/images/banner/gadget/img_01.png]
[www.jthemes.net/themes/html/neoncart/assets/images/backgrounds/map_bg_01.png]
[www.jthemes.net/themes/html/neoncart/assets/images/icons/gadget/icon_01.png]
[www.jthemes.net/themes/html/neoncart/assets/images/icons/gadget/icon_02.png]
[www.jthemes.net/themes/html/neoncart/assets/images/icons/gadget/icon_03.png]
[www.jthemes.net/themes/html/neoncart/assets/images/feature/gadget/img_01.png]
[www.jthemes.net/themes/html/neoncart/assets/images/gallery/gadget/bg_01.png]
[www.jthemes.net/themes/html/neoncart/assets/images/gallery/gadget/img_01.jpg]
[www.jthemes.net/themes/html/neoncart/assets/images/gallery/gadget/img_02.jpg]
[www.jthemes.net/themes/html/neoncart/assets/images/gallery/gadget/img_03.jpg]
[www.jthemes.net/themes/html/neoncart/assets/images/gallery/gadget/img_04.jpg]
[www.jthemes.net/themes/html/neoncart/assets/images/backgrounds/bg_20.png]
[www.jthemes.net/themes/html/neoncart/assets/images/feature/gadget/img_02.png]
[www.jthemes.net/themes/html/neoncart/assets/images/backgrounds/bg_21.jpg]
[www.jthemes.net/themes/html/neoncart/assets/images/backgrounds/bg_24.jpg]
[www.jthemes.net/themes/html/neoncart/assets/images/shop/gadget/img_01.png]
[www.jthemes.net/themes/html/neoncart/assets/images/backgrounds/bg_25.jpg]
[www.jthemes.net/themes/html/neoncart/assets/images/feature/gadget/img_03.png]
[www.jthemes.net/themes/html/neoncart/assets/images/backgrounds/bg_26.jpg]
[www.jthemes.net/themes/html/neoncart/assets/images/shop/gadget/img_05.png]
[www.jthemes.net/themes/html/neoncart/assets/images/shop/gadget/img_03.png]
[www.jthemes.net/themes/html/neoncart/assets/images/backgrounds/bg_27.jpg]
[www.jthemes.net/themes/html/neoncart/assets/images/shop/gadget/img_07.png]
[www.jthemes.net/themes/html/neoncart/assets/images/shop/gadget/img_08.png]
[www.jthemes.net/themes/html/neoncart/assets/images/shop/gadget/img_09.png]
[www.jthemes.net/themes/html/neoncart/assets/images/backgrounds/bg_28.jpg]
[www.jthemes.net/themes/html/neoncart/assets/images/shop/gadget/img_10.png]
[www.jthemes.net/themes/html/neoncart/assets/images/shop/gadget/img_11.png]
[www.jthemes.net/themes/html/neoncart/assets/images/backgrounds/bg_29.jpg]
[www.jthemes.net/themes/html/neoncart/assets/images/border_red.png]
[www.jthemes.net/themes/html/neoncart/assets/images/meta/img_05.png]
[www.jthemes.net/themes/html/neoncart/assets/images/blog/gadget/img_01.jpg]
[www.jthemes.net/themes/html/neoncart/assets/images/blog/gadget/img_02.jpg]
[www.jthemes.net/themes/html/neoncart/assets/images/blog/gadget/img_03.jpg]
[www.jthemes.net/themes/html/neoncart/assets/images/brands/img_43.png]
[www.jthemes.net/themes/html/neoncart/assets/images/brands/img_44.png]
[www.jthemes.net/themes/html/neoncart/assets/images/brands/img_45.png]
[www.jthemes.net/themes/html/neoncart/assets/images/brands/img_46.png]
[www.jthemes.net/themes/html/neoncart/assets/images/brands/img_47.png]
[www.jthemes.net/themes/html/neoncart/home_gadget.html]
[www.jthemes.net/themes/html/neoncart/assets/images/logo/logo_14_1x.png]
[www.jthemes.net/themes/html/neoncart/assets/images/slider/lookbook/bg_01.jpg]
[www.jthemes.net/themes/html/neoncart/assets/images/feature/lookbook/img_01.jpg]
[www.jthemes.net/themes/html/neoncart/assets/images/backgrounds/bg_10.jpg]
[www.jthemes.net/themes/html/neoncart/assets/images/shop/lookbook/img_01.jpg]
[www.jthemes.net/themes/html/neoncart/assets/images/shop/lookbook/img_02.jpg]
[www.jthemes.net/themes/html/neoncart/assets/images/feature/lookbook/img_02.jpg]
[www.jthemes.net/themes/html/neoncart/assets/images/feature/lookbook/img_03.jpg]
[www.jthemes.net/themes/html/neoncart/home_lookbook_creative.html]
[www.jthemes.net/themes/html/neoncart/assets/images/logo/logo_15_1x.png]
[www.jthemes.net/themes/html/neoncart/assets/images/icons/menu_01.png]
[www.jthemes.net/themes/html/neoncart/assets/images/slider/lookbook/img_01.jpg]
[www.jthemes.net/themes/html/neoncart/assets/images/slider/lookbook/img_02.jpg]
[www.jthemes.net/themes/html/neoncart/assets/images/slider/lookbook/img_03.jpg]
[www.jthemes.net/themes/html/neoncart/assets/images/slider/lookbook/img_04.jpg]
[www.jthemes.net/themes/html/neoncart/home_lookbook_slide.html]
[www.jthemes.net/themes/html/neoncart/assets/images/logo/logo_11_1x.png]
[www.jthemes.net/themes/html/neoncart/assets/images/slider/medical/img_01.png]
[www.jthemes.net/themes/html/neoncart/assets/images/slider/medical/img_02.png]
[www.jthemes.net/themes/html/neoncart/assets/images/shop/medical/img_01.png]
[www.jthemes.net/themes/html/neoncart/assets/images/shop/medical/img_02.png]
[www.jthemes.net/themes/html/neoncart/assets/images/shop/medical/img_03.png]
[www.jthemes.net/themes/html/neoncart/assets/images/shop/medical/img_04.png]
[www.jthemes.net/themes/html/neoncart/assets/images/backgrounds/bg_07.jpg]
[www.jthemes.net/themes/html/neoncart/assets/images/blog/medical/img_01.jpg]
[www.jthemes.net/themes/html/neoncart/assets/images/blog/medical/img_02.jpg]
[www.jthemes.net/themes/html/neoncart/assets/images/blog/medical/img_03.jpg]
[www.jthemes.net/themes/html/neoncart/assets/images/shop/medical/img_05.png]
[www.jthemes.net/themes/html/neoncart/assets/images/shop/medical/img_06.png]
[www.jthemes.net/themes/html/neoncart/assets/images/shop/medical/img_07.png]
[www.jthemes.net/themes/html/neoncart/assets/images/shop/medical/img_08.png]
[www.jthemes.net/themes/html/neoncart/assets/images/shop/medical/img_09.png]
[www.jthemes.net/themes/html/neoncart/assets/images/shop/medical/img_10.png]
[www.jthemes.net/themes/html/neoncart/assets/images/shop/medical/img_11.png]
[www.jthemes.net/themes/html/neoncart/assets/images/shop/medical/img_12.png]
[www.jthemes.net/themes/html/neoncart/assets/images/consultation/img_01.jpg]
[www.jthemes.net/themes/html/neoncart/assets/images/brands/img_19.png]
[www.jthemes.net/themes/html/neoncart/assets/images/brands/img_20.png]
[www.jthemes.net/themes/html/neoncart/assets/images/brands/img_21.png]
[www.jthemes.net/themes/html/neoncart/assets/images/brands/img_22.png]
[www.jthemes.net/themes/html/neoncart/assets/images/brands/img_23.png]
[www.jthemes.net/themes/html/neoncart/assets/images/backgrounds/bg_08.jpg]
[www.jthemes.net/themes/html/neoncart/assets/images/logo/logo_12_1x.png]
[www.jthemes.net/themes/html/neoncart/home_medical.html]
[www.jthemes.net/themes/html/neoncart/assets/images/logo/logo_08_1x.png]
[www.jthemes.net/themes/html/neoncart/assets/images/slider/modern/bg_01.jpg]
[www.jthemes.net/themes/html/neoncart/assets/images/offer/modern/img_01.jpg]
[www.jthemes.net/themes/html/neoncart/assets/images/offer/modern/img_02.jpg]
[www.jthemes.net/themes/html/neoncart/assets/images/shop/modern/img_01.png]
[www.jthemes.net/themes/html/neoncart/assets/images/shop/modern/img_02.png]
[www.jthemes.net/themes/html/neoncart/assets/images/shop/modern/img_03.png]
[www.jthemes.net/themes/html/neoncart/assets/images/shop/modern/img_04.png]
[www.jthemes.net/themes/html/neoncart/assets/images/shop/modern/img_05.png]
[www.jthemes.net/themes/html/neoncart/assets/images/shop/modern/img_06.png]
[www.jthemes.net/themes/html/neoncart/assets/images/shop/modern/img_07.png]
[www.jthemes.net/themes/html/neoncart/assets/images/shop/modern/img_08.png]
[www.jthemes.net/themes/html/neoncart/assets/images/shop/modern/img_09.png]
[www.jthemes.net/themes/html/neoncart/assets/images/offer/modern/img_03.png]
[www.jthemes.net/themes/html/neoncart/assets/images/blog/modern/img_01.jpg]
[www.jthemes.net/themes/html/neoncart/assets/images/blog/modern/img_02.jpg]
[www.jthemes.net/themes/html/neoncart/assets/images/logo/logo_09_1x.png]
[www.jthemes.net/themes/html/neoncart/home_modern.html]
[www.jthemes.net/themes/html/neoncart/assets/images/logo/logo_10_1x.png]
[www.jthemes.net/themes/html/neoncart/assets/images/slider/modern_minimal/bg_01.jpg]
[www.jthemes.net/themes/html/neoncart/assets/images/slider/modern_minimal/bg_02.jpg]
[www.jthemes.net/themes/html/neoncart/assets/images/shop/minimal/img_01.jpg]
[www.jthemes.net/themes/html/neoncart/assets/images/shop/minimal/img_02.jpg]
[www.jthemes.net/themes/html/neoncart/assets/images/shop/minimal/img_03.jpg]
[www.jthemes.net/themes/html/neoncart/assets/images/shop/minimal/img_04.jpg]
[www.jthemes.net/themes/html/neoncart/assets/images/shop/minimal/img_05.jpg]
[www.jthemes.net/themes/html/neoncart/assets/images/shop/minimal/img_06.jpg]
[www.jthemes.net/themes/html/neoncart/assets/images/shop/minimal/img_07.jpg]
[www.jthemes.net/themes/html/neoncart/assets/images/shop/minimal/img_08.jpg]
[www.jthemes.net/themes/html/neoncart/assets/images/shop/minimal/img_09.jpg]
[www.jthemes.net/themes/html/neoncart/assets/images/backgrounds/bg_06.jpg]
[www.jthemes.net/themes/html/neoncart/assets/images/offer/minimal/img_01.png]
[www.jthemes.net/themes/html/neoncart/assets/images/brands/img_13.png]
[www.jthemes.net/themes/html/neoncart/assets/images/brands/img_14.png]
[www.jthemes.net/themes/html/neoncart/assets/images/brands/img_15.png]
[www.jthemes.net/themes/html/neoncart/assets/images/brands/img_16.png]
[www.jthemes.net/themes/html/neoncart/assets/images/brands/img_17.png]
[www.jthemes.net/themes/html/neoncart/assets/images/brands/img_18.png]
[www.jthemes.net/themes/html/neoncart/assets/images/shop/minimal/img_10.jpg]
[www.jthemes.net/themes/html/neoncart/assets/images/shop/minimal/img_11.jpg]
[www.jthemes.net/themes/html/neoncart/assets/images/shop/minimal/img_12.jpg]
[www.jthemes.net/themes/html/neoncart/assets/images/shop/minimal/img_13.jpg]
[www.jthemes.net/themes/html/neoncart/home_modern_minimal.html]
[www.jthemes.net/themes/html/neoncart/assets/images/logo/logo_22_1x.png]
[www.jthemes.net/themes/html/neoncart/assets/images/slider/motorcycle/bg_01.jpg]
[www.jthemes.net/themes/html/neoncart/assets/images/slider/motorcycle/img_01.png]
[www.jthemes.net/themes/html/neoncart/assets/images/category/motorcycle/img_01.png]
[www.jthemes.net/themes/html/neoncart/assets/images/category/motorcycle/img_02.png]
[www.jthemes.net/themes/html/neoncart/assets/images/category/motorcycle/img_03.png]
[www.jthemes.net/themes/html/neoncart/assets/images/category/motorcycle/img_04.png]
[www.jthemes.net/themes/html/neoncart/assets/images/category/motorcycle/img_05.png]
[www.jthemes.net/themes/html/neoncart/assets/images/category/motorcycle/img_06.png]
[www.jthemes.net/themes/html/neoncart/assets/images/deals/motorcycle/img_01.png]
[www.jthemes.net/themes/html/neoncart/assets/images/shop/motorcycle/img_01.png]
[www.jthemes.net/themes/html/neoncart/assets/images/shop/motorcycle/img_02.png]
[www.jthemes.net/themes/html/neoncart/assets/images/shop/motorcycle/img_03.png]
[www.jthemes.net/themes/html/neoncart/assets/images/shop/motorcycle/img_04.png]
[www.jthemes.net/themes/html/neoncart/assets/images/shop/motorcycle/img_05.png]
[www.jthemes.net/themes/html/neoncart/assets/images/shop/motorcycle/img_06.png]
[www.jthemes.net/themes/html/neoncart/assets/images/shop/motorcycle/img_07.png]
[www.jthemes.net/themes/html/neoncart/assets/images/shop/motorcycle/img_08.png]
[www.jthemes.net/themes/html/neoncart/assets/images/shop/motorcycle/img_09.png]
[www.jthemes.net/themes/html/neoncart/assets/images/home_motorcycle/img_01.png]
[www.jthemes.net/themes/html/neoncart/assets/images/backgrounds/bg_16.jpg]
[www.jthemes.net/themes/html/neoncart/assets/images/feature/motorcycle/img_02.png]
[www.jthemes.net/themes/html/neoncart/assets/images/feature/motorcycle/img_03.png]
[www.jthemes.net/themes/html/neoncart/assets/images/feature/motorcycle/img_04.png]
[www.jthemes.net/themes/html/neoncart/assets/images/feature/motorcycle/img_01.png]
[www.jthemes.net/themes/html/neoncart/assets/images/feature/motorcycle/img_05.jpg]
[www.jthemes.net/themes/html/neoncart/assets/images/feature/motorcycle/img_06.jpg]
[www.jthemes.net/themes/html/neoncart/assets/images/feature/motorcycle/img_07.jpg]
[www.jthemes.net/themes/html/neoncart/assets/images/feature/motorcycle/img_08.jpg]
[www.jthemes.net/themes/html/neoncart/assets/images/backgrounds/bg_17.jpg]
[www.jthemes.net/themes/html/neoncart/assets/images/meta/img_02.jpg]
[www.jthemes.net/themes/html/neoncart/assets/images/meta/img_03.jpg]
[www.jthemes.net/themes/html/neoncart/assets/images/meta/img_04.jpg]
[www.jthemes.net/themes/html/neoncart/assets/images/instagram/img_31.jpg]
[www.jthemes.net/themes/html/neoncart/assets/images/instagram/img_32.jpg]
[www.jthemes.net/themes/html/neoncart/assets/images/instagram/img_33.jpg]
[www.jthemes.net/themes/html/neoncart/assets/images/instagram/img_34.jpg]
[www.jthemes.net/themes/html/neoncart/assets/images/instagram/img_35.jpg]
[www.jthemes.net/themes/html/neoncart/assets/images/instagram/img_36.jpg]
[www.jthemes.net/themes/html/neoncart/assets/images/instagram/img_37.jpg]
[www.jthemes.net/themes/html/neoncart/assets/images/instagram/img_38.jpg]
[www.jthemes.net/themes/html/neoncart/assets/images/instagram/img_39.jpg]
[www.jthemes.net/themes/html/neoncart/assets/images/instagram/img_40.jpg]
[www.jthemes.net/themes/html/neoncart/assets/images/instagram/img_41.jpg]
[www.jthemes.net/themes/html/neoncart/assets/images/instagram/img_42.jpg]
[www.jthemes.net/themes/html/neoncart/assets/images/brands/img_37.png]
[www.jthemes.net/themes/html/neoncart/assets/images/brands/img_38.png]
[www.jthemes.net/themes/html/neoncart/assets/images/brands/img_39.png]
[www.jthemes.net/themes/html/neoncart/assets/images/brands/img_40.png]
[www.jthemes.net/themes/html/neoncart/assets/images/brands/img_41.png]
[www.jthemes.net/themes/html/neoncart/assets/images/brands/img_42.png]
[www.jthemes.net/themes/html/neoncart/assets/images/backgrounds/bg_18.jpg]
[www.jthemes.net/themes/html/neoncart/home_motorcycle.html]
[www.jthemes.net/themes/html/neoncart/assets/images/logo/logo_23_1x.png]
[www.jthemes.net/themes/html/neoncart/assets/images/slider/parallax_shop/bg_01.jpg]
[www.jthemes.net/themes/html/neoncart/assets/images/slider/parallax_shop/bg_02.jpg]
[www.jthemes.net/themes/html/neoncart/assets/images/offer/parallax_shop/img_01.jpg]
[www.jthemes.net/themes/html/neoncart/assets/images/offer/parallax_shop/img_02.jpg]
[www.jthemes.net/themes/html/neoncart/assets/images/offer/parallax_shop/img_03.jpg]
[www.jthemes.net/themes/html/neoncart/assets/images/deals/parallax_shop/img_01.jpg]
[www.jthemes.net/themes/html/neoncart/assets/images/deals/parallax_shop/img_02.jpg]
[www.jthemes.net/themes/html/neoncart/assets/images/deals/parallax_shop/img_03.jpg]
[www.jthemes.net/themes/html/neoncart/assets/images/shop/parallax_shop/img_01.png]
[www.jthemes.net/themes/html/neoncart/assets/images/shop/parallax_shop/img_02.png]
[www.jthemes.net/themes/html/neoncart/assets/images/shop/parallax_shop/img_03.png]
[www.jthemes.net/themes/html/neoncart/assets/images/shop/parallax_shop/img_04.png]
[www.jthemes.net/themes/html/neoncart/assets/images/shop/parallax_shop/img_05.png]
[www.jthemes.net/themes/html/neoncart/assets/images/shop/parallax_shop/img_06.png]
[www.jthemes.net/themes/html/neoncart/assets/images/blog/parallax_shop/img_01.jpg]
[www.jthemes.net/themes/html/neoncart/assets/images/blog/parallax_shop/img_02.jpg]
[www.jthemes.net/themes/html/neoncart/assets/images/logo/logo_24_1x.png]
[www.jthemes.net/themes/html/neoncart/home_parallax_shop.html]
[www.jthemes.net/themes/html/neoncart/assets/images/slider/simple_shop/bg_01.jpg]
[www.jthemes.net/themes/html/neoncart/assets/images/slider/simple_shop/bg_02.jpg]
[www.jthemes.net/themes/html/neoncart/assets/images/banner/simple_shop/img_01.jpg]
[www.jthemes.net/themes/html/neoncart/assets/images/banner/simple_shop/img_02.jpg]
[www.jthemes.net/themes/html/neoncart/assets/images/banner/simple_shop/img_03.jpg]
[www.jthemes.net/themes/html/neoncart/assets/images/banner/simple_shop/img_04.jpg]
[www.jthemes.net/themes/html/neoncart/assets/images/shop/simple_shop/img_01.png]
[www.jthemes.net/themes/html/neoncart/assets/images/shop/simple_shop/img_02.png]
[www.jthemes.net/themes/html/neoncart/assets/images/shop/simple_shop/img_03.png]
[www.jthemes.net/themes/html/neoncart/assets/images/shop/simple_shop/img_04.png]
[www.jthemes.net/themes/html/neoncart/assets/images/feature/simple_shop/bg_01.jpg]
[www.jthemes.net/themes/html/neoncart/assets/images/shop/simple_shop/img_05.jpg]
[www.jthemes.net/themes/html/neoncart/assets/images/shop/simple_shop/img_06.jpg]
[www.jthemes.net/themes/html/neoncart/assets/images/shop/simple_shop/img_07.jpg]
[www.jthemes.net/themes/html/neoncart/assets/images/shop/simple_shop/img_08.jpg]
[www.jthemes.net/themes/html/neoncart/assets/images/banner/simple_shop/img_05.jpg]
[www.jthemes.net/themes/html/neoncart/assets/images/banner/simple_shop/img_06.jpg]
[www.jthemes.net/themes/html/neoncart/assets/images/banner/simple_shop/img_07.jpg]
[www.jthemes.net/themes/html/neoncart/assets/images/backgrounds/bg_19.jpg]
[www.jthemes.net/themes/html/neoncart/assets/images/instagram/img_43.jpg]
[www.jthemes.net/themes/html/neoncart/assets/images/instagram/img_44.jpg]
[www.jthemes.net/themes/html/neoncart/assets/images/instagram/img_45.jpg]
[www.jthemes.net/themes/html/neoncart/assets/images/instagram/img_46.jpg]
[www.jthemes.net/themes/html/neoncart/assets/images/logo/logo_26_1x.png]
[www.jthemes.net/themes/html/neoncart/assets/images/shop/simple_shop/img_09.jpg]
[www.jthemes.net/themes/html/neoncart/assets/images/shop/simple_shop/img_10.jpg]
[www.jthemes.net/themes/html/neoncart/assets/images/shop/simple_shop/img_11.jpg]
[www.jthemes.net/themes/html/neoncart/home_simple_shop.html]
[www.jthemes.net/themes/html/neoncart/assets/images/logo/logo_31_1x.png]
[www.jthemes.net/themes/html/neoncart/assets/images/home_single_story/thumbnail_01.jpg]
[www.jthemes.net/themes/html/neoncart/assets/images/home_single_story/thumbnail_02.jpg]
[www.jthemes.net/themes/html/neoncart/assets/images/home_single_story/thumbnail_03.jpg]
[www.jthemes.net/themes/html/neoncart/assets/images/home_single_story/thumbnail_04.jpg]
[www.jthemes.net/themes/html/neoncart/assets/images/home_single_story/img_01.jpg]
[www.jthemes.net/themes/html/neoncart/assets/images/icons/3d.png]
[www.jthemes.net/themes/html/neoncart/assets/images/home_single_story/img_02.jpg]
[www.jthemes.net/themes/html/neoncart/home_single_story_black.html]
[www.jthemes.net/themes/html/neoncart/assets/images/home_single_story/img_03.jpg]
[www.jthemes.net/themes/html/neoncart/assets/images/home_single_story/img_04.jpg]
[www.jthemes.net/themes/html/neoncart/home_single_story_white.html]
[www.jthemes.net/themes/html/neoncart/assets/images/logo/logo_32_1x.png]
[www.jthemes.net/themes/html/neoncart/assets/images/slider/sports/img_01.png]
[www.jthemes.net/themes/html/neoncart/assets/images/slider/sports/img_03.png]
[www.jthemes.net/themes/html/neoncart/assets/images/slider/sports/img_02.png]
[www.jthemes.net/themes/html/neoncart/assets/images/about/sports/img_01.png]
[www.jthemes.net/themes/html/neoncart/assets/images/about/sports/img_02.png]
[www.jthemes.net/themes/html/neoncart/assets/images/backgrounds/bg_32.jpg]
[www.jthemes.net/themes/html/neoncart/assets/images/feature/sports/img_01.jpg]
[www.jthemes.net/themes/html/neoncart/assets/images/feature/sports/img_02.jpg]
[www.jthemes.net/themes/html/neoncart/assets/images/feature/sports/img_03.jpg]
[www.jthemes.net/themes/html/neoncart/assets/images/shop/sports/img_01.png]
[www.jthemes.net/themes/html/neoncart/assets/images/shop/sports/img_02.png]
[www.jthemes.net/themes/html/neoncart/assets/images/shop/sports/img_03.png]
[www.jthemes.net/themes/html/neoncart/assets/images/shop/sports/img_04.png]
[www.jthemes.net/themes/html/neoncart/assets/images/shop/sports/img_05.png]
[www.jthemes.net/themes/html/neoncart/assets/images/shop/sports/img_06.png]
[www.jthemes.net/themes/html/neoncart/assets/images/feature/sports/img_04.jpg]
[www.jthemes.net/themes/html/neoncart/assets/images/feature/sports/shape_01.png]
[www.jthemes.net/themes/html/neoncart/assets/images/feature/sports/shape_02.png]
[www.jthemes.net/themes/html/neoncart/assets/images/feature/sports/img_05.jpg]
[www.jthemes.net/themes/html/neoncart/assets/images/feature/sports/img_06.jpg]
[www.jthemes.net/themes/html/neoncart/assets/images/feature/sports/img_07.jpg]
[www.jthemes.net/themes/html/neoncart/assets/images/backgrounds/bg_33.jpg]
[www.jthemes.net/themes/html/neoncart/assets/images/backgrounds/bg_34.jpg]
[www.jthemes.net/themes/html/neoncart/assets/images/shop/sports/img_07.jpg]
[www.jthemes.net/themes/html/neoncart/assets/images/shop/sports/img_08.jpg]
[www.jthemes.net/themes/html/neoncart/assets/images/shop/sports/img_09.jpg]
[www.jthemes.net/themes/html/neoncart/assets/images/feature/sports/img_08.jpg]
[www.jthemes.net/themes/html/neoncart/assets/images/blog/sports/img_01.jpg]
[www.jthemes.net/themes/html/neoncart/assets/images/blog/sports/img_02.jpg]
[www.jthemes.net/themes/html/neoncart/assets/images/logo/logo_33_1x.png]
[www.jthemes.net/themes/html/neoncart/assets/images/payment_methods_04.png]
[www.jthemes.net/themes/html/neoncart/home_sports.html]
[www.jthemes.net/themes/html/neoncart/assets/images/logo/logo_34_1x.png]
[www.jthemes.net/themes/html/neoncart/assets/images/slider/watch/bg_01.jpg]
[www.jthemes.net/themes/html/neoncart/assets/images/slider/watch/bg_02.jpg]
[www.jthemes.net/themes/html/neoncart/assets/images/slider/watch/img_01.png]
[www.jthemes.net/themes/html/neoncart/assets/images/brands/img_48.png]
[www.jthemes.net/themes/html/neoncart/assets/images/brands/img_49.png]
[www.jthemes.net/themes/html/neoncart/assets/images/brands/img_50.png]
[www.jthemes.net/themes/html/neoncart/assets/images/brands/img_51.png]
[www.jthemes.net/themes/html/neoncart/assets/images/brands/img_52.png]
[www.jthemes.net/themes/html/neoncart/assets/images/brands/img_53.png]
[www.jthemes.net/themes/html/neoncart/assets/images/shop/watch/img_01.png]
[www.jthemes.net/themes/html/neoncart/assets/images/shop/watch/img_02.png]
[www.jthemes.net/themes/html/neoncart/assets/images/shop/watch/img_03.png]
[www.jthemes.net/themes/html/neoncart/assets/images/deals/watch/img_01.jpg]
[www.jthemes.net/themes/html/neoncart/assets/images/shop/watch/img_04.png]
[www.jthemes.net/themes/html/neoncart/assets/images/shop/watch/child_01.png]
[www.jthemes.net/themes/html/neoncart/assets/images/shop/watch/child_02.png]
[www.jthemes.net/themes/html/neoncart/assets/images/shop/watch/img_05.png]
[www.jthemes.net/themes/html/neoncart/assets/images/shop/watch/img_06.png]
[www.jthemes.net/themes/html/neoncart/assets/images/shop/watch/img_07.png]
[www.jthemes.net/themes/html/neoncart/assets/images/shop/watch/img_08.png]
[www.jthemes.net/themes/html/neoncart/assets/images/shop/watch/img_09.png]
[www.jthemes.net/themes/html/neoncart/assets/images/offer/watch/img_01.png]
[www.jthemes.net/themes/html/neoncart/assets/images/feature/watch/img_01.png]
[www.jthemes.net/themes/html/neoncart/assets/images/feature/watch/img_02.png]
[www.jthemes.net/themes/html/neoncart/assets/images/offer/watch/img_02.jpg]
[www.jthemes.net/themes/html/neoncart/assets/images/home_watch/img_01.png]
[www.jthemes.net/themes/html/neoncart/assets/images/home_watch/img_02.png]
[www.jthemes.net/themes/html/neoncart/assets/images/brands/img_54.png]
[www.jthemes.net/themes/html/neoncart/assets/images/brands/img_55.png]
[www.jthemes.net/themes/html/neoncart/assets/images/brands/img_56.png]
[www.jthemes.net/themes/html/neoncart/assets/images/brands/img_57.png]
[www.jthemes.net/themes/html/neoncart/assets/images/instagram/img_54.jpg]
[www.jthemes.net/themes/html/neoncart/assets/images/instagram/img_55.jpg]
[www.jthemes.net/themes/html/neoncart/assets/images/instagram/img_56.jpg]
[www.jthemes.net/themes/html/neoncart/assets/images/instagram/img_57.jpg]
[www.jthemes.net/themes/html/neoncart/assets/images/instagram/img_58.jpg]
[www.jthemes.net/themes/html/neoncart/assets/images/instagram/img_59.jpg]
[www.jthemes.net/themes/html/neoncart/assets/images/logo/logo_35_1x.png]
[www.jthemes.net/themes/html/neoncart/home_watch.html]
[www.jthemes.net/themes/html/neoncart/assets/images/breadcrumb/bg_02.jpg]
[www.jthemes.net/themes/html/neoncart/carparts_shop.html]
[www.jthemes.net/themes/html/neoncart/assets/images/recent_post/img_06.png]
[www.jthemes.net/themes/html/neoncart/assets/images/recent_post/img_07.png]
[www.jthemes.net/themes/html/neoncart/assets/images/recent_post/img_08.jpg]
[www.jthemes.net/themes/html/neoncart/carparts_shop_grid.html]
[www.jthemes.net/themes/html/neoncart/carparts_shop_list.html]
[www.jthemes.net/themes/html/neoncart/assets/images/details/carparts/img_01.jpg]
[www.jthemes.net/themes/html/neoncart/assets/images/details/carparts/img_02.jpg]
[www.jthemes.net/themes/html/neoncart/assets/images/details/carparts/img_03.jpg]
[www.jthemes.net/themes/html/neoncart/assets/images/details/carparts/img_04.jpg]
[www.jthemes.net/themes/html/neoncart/assets/images/details/carparts/img_05.jpg]
[www.jthemes.net/themes/html/neoncart/carparts_shop_details.html]
[www.jthemes.net/themes/html/neoncart/assets/images/breadcrumb/bg_03.jpg]
[www.jthemes.net/themes/html/neoncart/classic_ecommerce_shop.html]
[www.jthemes.net/themes/html/neoncart/assets/images/details/shop/img_01.jpg]
[www.jthemes.net/themes/html/neoncart/assets/images/details/shop/img_02.jpg]
[www.jthemes.net/themes/html/neoncart/assets/images/details/shop/img_03.jpg]
[www.jthemes.net/themes/html/neoncart/assets/images/details/shop/img_04.jpg]
[www.jthemes.net/themes/html/neoncart/assets/images/details/shop/img_05.jpg]
[www.jthemes.net/themes/html/neoncart/assets/images/product_brands/img_01.png]
[www.jthemes.net/themes/html/neoncart/assets/images/details/shop/img_06.jpg]
[www.jthemes.net/themes/html/neoncart/assets/images/details/shop/img_07.jpg]
[www.jthemes.net/themes/html/neoncart/assets/images/icons/aware_icons.png]
[www.jthemes.net/themes/html/neoncart/classic_ecommerce_shop_details.html]
[www.jthemes.net/themes/html/neoncart/assets/images/shop/electronic/img_37.png]
[www.jthemes.net/themes/html/neoncart/assets/images/shop/electronic/img_38.png]
[www.jthemes.net/themes/html/neoncart/assets/images/shop/electronic/img_39.png]
[www.jthemes.net/themes/html/neoncart/assets/images/shop/electronic/img_40.png]
[www.jthemes.net/themes/html/neoncart/assets/images/shop/electronic/img_41.png]
[www.jthemes.net/themes/html/neoncart/electronic_shop.html]
[www.jthemes.net/themes/html/neoncart/assets/images/details/electronic/img_01.png]
[www.jthemes.net/themes/html/neoncart/assets/images/details/electronic/img_02.png]
[www.jthemes.net/themes/html/neoncart/assets/images/details/electronic/img_03.png]
[www.jthemes.net/themes/html/neoncart/assets/images/details/electronic/img_04.png]
[www.jthemes.net/themes/html/neoncart/assets/images/details/electronic/img_05.png]
[www.jthemes.net/themes/html/neoncart/assets/images/details/electronic/brand_01.png]
[www.jthemes.net/themes/html/neoncart/assets/images/details/electronic/img_06.jpg]
[www.jthemes.net/themes/html/neoncart/assets/images/details/electronic/img_07.jpg]
[www.jthemes.net/themes/html/neoncart/electronic_shop_details.html]
[www.jthemes.net/themes/html/neoncart/assets/images/breadcrumb/bg_04.jpg]
[www.jthemes.net/themes/html/neoncart/fashion_shop.html]
[www.jthemes.net/themes/html/neoncart/assets/images/breadcrumb/bg_05.jpg]
[www.jthemes.net/themes/html/neoncart/fashion_shop_details.html]
[www.jthemes.net/themes/html/neoncart/assets/images/breadcrumb/bg_10.jpg]
[www.jthemes.net/themes/html/neoncart/fashion_minimal_shop.html]
[www.jthemes.net/themes/html/neoncart/assets/images/details/fashion_minimal/img_01.jpg]
[www.jthemes.net/themes/html/neoncart/assets/images/details/fashion_minimal/img_02.jpg]
[www.jthemes.net/themes/html/neoncart/assets/images/details/fashion_minimal/img_03.jpg]
[www.jthemes.net/themes/html/neoncart/assets/images/details/fashion_minimal/img_04.jpg]
[www.jthemes.net/themes/html/neoncart/assets/images/details/fashion_minimal/img_05.jpg]
[www.jthemes.net/themes/html/neoncart/assets/images/details/fashion_minimal/img_06.jpg]
[www.jthemes.net/themes/html/neoncart/assets/images/details/fashion_minimal/img_07.jpg]
[www.jthemes.net/themes/html/neoncart/assets/images/img_01.png]
[www.jthemes.net/themes/html/neoncart/fashion_minimal_shop_details.html]
[www.jthemes.net/themes/html/neoncart/assets/images/shop/furniture_store/img_27.png]
[www.jthemes.net/themes/html/neoncart/furniture_shop.html]
[www.jthemes.net/themes/html/neoncart/assets/images/details/furniture/img_01.jpg]
[www.jthemes.net/themes/html/neoncart/assets/images/details/furniture/img_02.jpg]
[www.jthemes.net/themes/html/neoncart/assets/images/details/furniture/img_03.jpg]
[www.jthemes.net/themes/html/neoncart/assets/images/details/furniture/img_04.jpg]
[www.jthemes.net/themes/html/neoncart/assets/images/details/furniture/img_05.jpg]
[www.jthemes.net/themes/html/neoncart/assets/images/details/furniture/img_06.jpg]
[www.jthemes.net/themes/html/neoncart/furniture_shop_details.html]
[www.jthemes.net/themes/html/neoncart/gadget_shop.html]
[www.jthemes.net/themes/html/neoncart/assets/images/breadcrumb/bg_06.jpg]
[www.jthemes.net/themes/html/neoncart/assets/images/details/gadget/img_01.png]
[www.jthemes.net/themes/html/neoncart/assets/images/details/gadget/img_02.png]
[www.jthemes.net/themes/html/neoncart/assets/images/details/gadget/img_03.png]
[www.jthemes.net/themes/html/neoncart/assets/images/details/gadget/img_04.png]
[www.jthemes.net/themes/html/neoncart/assets/images/details/gadget/img_05.png]
[www.jthemes.net/themes/html/neoncart/assets/images/details/gadget/img_06.png]
[www.jthemes.net/themes/html/neoncart/assets/images/details/gadget/img_08.jpg]
[www.jthemes.net/themes/html/neoncart/assets/images/details/gadget/img_07.png]
[www.jthemes.net/themes/html/neoncart/assets/images/shop/gadget/img_06.png]
[www.jthemes.net/themes/html/neoncart/gadget_shop_details.html]
[www.jthemes.net/themes/html/neoncart/assets/images/breadcrumb/bg_08.jpg]
[www.jthemes.net/themes/html/neoncart/medical_shop.html]
[www.jthemes.net/themes/html/neoncart/assets/images/breadcrumb/bg_09.jpg]
[www.jthemes.net/themes/html/neoncart/assets/images/details/medical/img_01.jpg]
[www.jthemes.net/themes/html/neoncart/assets/images/details/medical/img_02.jpg]
[www.jthemes.net/themes/html/neoncart/assets/images/details/medical/img_03.jpg]
[www.jthemes.net/themes/html/neoncart/assets/images/details/medical/img_04.jpg]
[www.jthemes.net/themes/html/neoncart/assets/images/details/medical/img_05.jpg]
[www.jthemes.net/themes/html/neoncart/medical_shop_details.html]
[www.jthemes.net/themes/html/neoncart/assets/images/breadcrumb/bg_11.jpg]
[www.jthemes.net/themes/html/neoncart/modern_minimal_shop.html]
[www.jthemes.net/themes/html/neoncart/modern_minimal_shop_details.html]
[www.jthemes.net/themes/html/neoncart/assets/images/feature/modern/img_01.jpg]
[www.jthemes.net/themes/html/neoncart/assets/images/feature/modern/img_02.jpg]
[www.jthemes.net/themes/html/neoncart/assets/images/feature/modern/img_03.jpg]
[www.jthemes.net/themes/html/neoncart/assets/images/feature/modern/img_04.jpg]
[www.jthemes.net/themes/html/neoncart/modern_shop.html]
[www.jthemes.net/themes/html/neoncart/assets/images/details/modern/img_01.jpg]
[www.jthemes.net/themes/html/neoncart/modern_shop_details.html]
[www.jthemes.net/themes/html/neoncart/assets/images/breadcrumb/bg_12.jpg]
[www.jthemes.net/themes/html/neoncart/assets/images/backgrounds/bg_30.jpg]
[www.jthemes.net/themes/html/neoncart/assets/images/deals/motorcycle/img_02.png]
[www.jthemes.net/themes/html/neoncart/motorcycle_shop_grid.html]
[www.jthemes.net/themes/html/neoncart/motorcycle_shop_list.html]
[www.jthemes.net/themes/html/neoncart/assets/images/details/motorcycle/img_01.jpg]
[www.jthemes.net/themes/html/neoncart/motorcycle_shop_details.html]
[www.jthemes.net/themes/html/neoncart/assets/images/breadcrumb/bg_13.jpg]
[www.jthemes.net/themes/html/neoncart/simple_shop.html]
[www.jthemes.net/themes/html/neoncart/assets/images/details/simple_shop/img_01.jpg]
[www.jthemes.net/themes/html/neoncart/assets/images/details/simple_shop/img_02.jpg]
[www.jthemes.net/themes/html/neoncart/simple_shop_details.html]
[www.jthemes.net/themes/html/neoncart/assets/images/breadcrumb/bg_14.jpg]
[www.jthemes.net/themes/html/neoncart/sports_shop.html]
[www.jthemes.net/themes/html/neoncart/assets/images/details/sports/img_01.jpg]
[www.jthemes.net/themes/html/neoncart/assets/images/details/sports/img_02.jpg]
[www.jthemes.net/themes/html/neoncart/assets/images/details/sports/img_03.jpg]
[www.jthemes.net/themes/html/neoncart/assets/images/details/sports/img_04.jpg]
[www.jthemes.net/themes/html/neoncart/assets/images/details/sports/img_05.jpg]
[www.jthemes.net/themes/html/neoncart/assets/images/icons/send.png]
[www.jthemes.net/themes/html/neoncart/sports_shop_details.html]
[www.jthemes.net/themes/html/neoncart/assets/images/breadcrumb/bg_07.jpg]
[www.jthemes.net/themes/html/neoncart/assets/images/shop/lookbook/img_03.jpg]
[www.jthemes.net/themes/html/neoncart/assets/images/shop/lookbook/img_04.jpg]
[www.jthemes.net/themes/html/neoncart/assets/images/shop/lookbook/img_05.jpg]
[www.jthemes.net/themes/html/neoncart/assets/images/shop/lookbook/img_06.jpg]
[www.jthemes.net/themes/html/neoncart/assets/images/shop/lookbook/img_07.jpg]
[www.jthemes.net/themes/html/neoncart/assets/images/shop/lookbook/img_08.jpg]
[www.jthemes.net/themes/html/neoncart/assets/images/shop/lookbook/img_09.jpg]
[www.jthemes.net/themes/html/neoncart/assets/images/shop/lookbook/img_10.jpg]
[www.jthemes.net/themes/html/neoncart/lookbook_creative_shop.html]
[www.jthemes.net/themes/html/neoncart/assets/images/details/lookbook_creative/img_01.jpg]
[www.jthemes.net/themes/html/neoncart/assets/images/details/lookbook_creative/img_02.jpg]
[www.jthemes.net/themes/html/neoncart/assets/images/details/lookbook_creative/img_03.jpg]
[www.jthemes.net/themes/html/neoncart/assets/images/details/lookbook_creative/img_04.jpg]
[www.jthemes.net/themes/html/neoncart/assets/images/details/lookbook_creative/img_05.jpg]
[www.jthemes.net/themes/html/neoncart/assets/images/details/lookbook_creative/img_06.jpg]
[www.jthemes.net/themes/html/neoncart/assets/images/details/lookbook_creative/img_07.jpg]
[www.jthemes.net/themes/html/neoncart/assets/images/details/lookbook_creative/img_08.jpg]
[www.jthemes.net/themes/html/neoncart/assets/images/details/lookbook_creative/img_09.jpg]
[www.jthemes.net/themes/html/neoncart/assets/images/details/lookbook_creative/img_10.jpg]
[www.jthemes.net/themes/html/neoncart/assets/images/details/lookbook_creative/img_11.jpg]
[www.jthemes.net/themes/html/neoncart/assets/images/details/lookbook_creative/img_12.jpg]
[www.jthemes.net/themes/html/neoncart/lookbook_creative_shop_details.html]
[www.jthemes.net/themes/html/neoncart/assets/images/logo/logo_27_1x.png]
[www.jthemes.net/themes/html/neoncart/assets/images/breadcrumb/bg_01.jpg]
[www.jthemes.net/themes/html/neoncart/assets/images/logo/logo_28_1x.png]
[www.jthemes.net/themes/html/neoncart/shop_details.html]
[www.jthemes.net/themes/html/neoncart/assets/images/cart/img_04.jpg]
[www.jthemes.net/themes/html/neoncart/assets/images/cart/img_05.jpg]
[www.jthemes.net/themes/html/neoncart/assets/images/cart/img_06.jpg]
[www.jthemes.net/themes/html/neoncart/shop_cart.html]
[www.jthemes.net/themes/html/neoncart/shop_checkout.html]
[www.jthemes.net/themes/html/neoncart/assets/images/payment_methods_03.png]
[www.jthemes.net/themes/html/neoncart/shop_checkout_step2.html]
[www.jthemes.net/themes/html/neoncart/shop_checkout_step3.html]
[www.jthemes.net/themes/html/neoncart/assets/images/404.png]
[www.jthemes.net/themes/html/neoncart/404.html]
[www.jthemes.net/themes/html/neoncart/assets/images/blog/main_blog/img_01.jpg]
[www.jthemes.net/themes/html/neoncart/assets/images/blog/main_blog/img_02.jpg]
[www.jthemes.net/themes/html/neoncart/assets/images/blog/main_blog/img_03.jpg]
[www.jthemes.net/themes/html/neoncart/assets/images/blog/main_blog/img_04.jpg]
[www.jthemes.net/themes/html/neoncart/assets/images/blog/main_blog/img_05.jpg]
[www.jthemes.net/themes/html/neoncart/assets/images/blog/main_blog/img_06.jpg]
[www.jthemes.net/themes/html/neoncart/blog.html]
[www.jthemes.net/themes/html/neoncart/assets/images/blog/main_blog/img_07.jpg]
[www.jthemes.net/themes/html/neoncart/assets/images/blog/main_blog/img_08.jpg]
[www.jthemes.net/themes/html/neoncart/assets/images/blog/main_blog/img_09.jpg]
[www.jthemes.net/themes/html/neoncart/assets/images/blog/main_blog/img_10.jpg]
[www.jthemes.net/themes/html/neoncart/assets/images/recent_post/img_02.jpg]
[www.jthemes.net/themes/html/neoncart/assets/images/recent_post/img_03.jpg]
[www.jthemes.net/themes/html/neoncart/assets/images/recent_post/img_04.jpg]
[www.jthemes.net/themes/html/neoncart/assets/images/recent_post/img_05.jpg]
[www.jthemes.net/themes/html/neoncart/assets/images/instagram/img_48.jpg]
[www.jthemes.net/themes/html/neoncart/assets/images/instagram/img_49.jpg]
[www.jthemes.net/themes/html/neoncart/assets/images/instagram/img_50.jpg]
[www.jthemes.net/themes/html/neoncart/assets/images/instagram/img_51.jpg]
[www.jthemes.net/themes/html/neoncart/assets/images/instagram/img_52.jpg]
[www.jthemes.net/themes/html/neoncart/assets/images/instagram/img_53.jpg]
[www.jthemes.net/themes/html/neoncart/blog_details.html]
[www.jthemes.net/themes/html/neoncart/compare_1.html]
[www.jthemes.net/themes/html/neoncart/assets/images/checkout/img_01.jpg]
[www.jthemes.net/themes/html/neoncart/assets/images/checkout/img_02.jpg]
[www.jthemes.net/themes/html/neoncart/assets/images/checkout/img_03.jpg]
[www.jthemes.net/themes/html/neoncart/assets/images/checkout/img_04.jpg]
[www.jthemes.net/themes/html/neoncart/assets/images/checkout/img_05.jpg]
[www.jthemes.net/themes/html/neoncart/compare_2.html]
[www.jthemes.net/themes/html/neoncart/assets/images/backgrounds/bg_22.jpg]
[www.jthemes.net/themes/html/neoncart/assets/images/reg_bg_01.png]
[www.jthemes.net/themes/html/neoncart/login.html]
[www.jthemes.net/themes/html/neoncart/assets/images/backgrounds/bg_23.jpg]
[www.jthemes.net/themes/html/neoncart/assets/images/reg_bg_02.png]
[www.jthemes.net/themes/html/neoncart/signup.html]
[www.jthemes.net/themes/html/neoncart/contact.html]
[www.jthemes.net/themes/html/neoncart/assets/css/images/ui-bg_flat_0_aaaaaa_40x100.html]
[www.jthemes.net/themes/html/neoncart/demo_assets/css/style.css]
[www.jthemes.net/themes/html/neoncart/!.html]
[www.jthemes.net/themes/html/neoncart/assets/images/blog/watch/img_01.html]
[www.jthemes.net/themes/html/neoncart/blog_details-2.html]
[www.jthemes.net/themes/html/neoncart/assets/images/blog/watch/img_02.html]
[www.jthemes.net/themes/html/neoncart/assets/images/blog/watch/img_03.html]
